
======================================================================
PHASE 7 FLYMIND RL — flymind_none_s46_20260914_094706
Mode: flymind | Ablation: none | Episodes: 500
======================================================================
Agent: FlyMindRLAgent
Reward: FlappyRewardShaper(pipe=1.0, survival=0.001, collision=-1.0)
Curriculum: disabled
  ep=     1 | score=3 | steps=5000 | reward=+7.999 | mean50=3.00 | stage=- | t=7s
  ep=     2 | score=3 | steps=5000 | reward=+7.999 | mean50=3.00 | stage=- | t=13s
  ep=     3 | score=3 | steps=5000 | reward=+7.999 | mean50=3.00 | stage=- | t=18s
  ep=     4 | score=3 | steps=5000 | reward=+7.999 | mean50=3.00 | stage=- | t=24s
  ep=     5 | score=3 | steps=5000 | reward=+7.999 | mean50=3.00 | stage=- | t=30s
  ep=     6 | score=3 | steps=5000 | reward=+7.999 | mean50=3.00 | stage=- | t=37s
  ep=     7 | score=2 | steps=778 | reward=+1.777 | mean50=2.86 | stage=- | t=38s
  ep=     8 | score=3 | steps=5000 | reward=+7.999 | mean50=2.88 | stage=- | t=45s
  ep=     9 | score=2 | steps=777 | reward=+1.776 | mean50=2.78 | stage=- | t=46s
  ep=    10 | score=1 | steps=509 | reward=+0.508 | mean50=2.60 | stage=- | t=47s
  ep=    15 | score=3 | steps=5000 | reward=+7.999 | mean50=2.60 | stage=- | t=71s
  ep=    20 | score=3 | steps=5000 | reward=+7.999 | mean50=2.70 | stage=- | t=102s
  ep=    25 | score=3 | steps=5000 | reward=+7.999 | mean50=2.72 | stage=- | t=127s
  ep=    30 | score=3 | steps=5000 | reward=+7.999 | mean50=2.77 | stage=- | t=158s
  ep=    35 | score=2 | steps=794 | reward=+1.793 | mean50=2.74 | stage=- | t=178s
  ep=    40 | score=3 | steps=5000 | reward=+7.999 | mean50=2.77 | stage=- | t=208s
  ep=    45 | score=2 | steps=767 | reward=+1.766 | mean50=2.78 | stage=- | t=233s
  ep=    50 | score=3 | steps=5000 | reward=+7.999 | mean50=2.80 | stage=- | t=264s
  ep=    55 | score=3 | steps=5000 | reward=+7.999 | mean50=2.80 | stage=- | t=294s
  ep=    60 | score=3 | steps=5000 | reward=+7.999 | mean50=2.88 | stage=- | t=324s
  ep=    65 | score=3 | steps=5000 | reward=+7.999 | mean50=2.92 | stage=- | t=354s
  ep=    70 | score=2 | steps=775 | reward=+1.774 | mean50=2.90 | stage=- | t=380s
  ep=    75 | score=3 | steps=5000 | reward=+7.999 | mean50=2.92 | stage=- | t=411s
  ep=    80 | score=3 | steps=5000 | reward=+7.999 | mean50=2.92 | stage=- | t=441s
  ep=    85 | score=3 | steps=5000 | reward=+7.999 | mean50=2.96 | stage=- | t=467s
  ep=    90 | score=3 | steps=5000 | reward=+7.999 | mean50=2.94 | stage=- | t=492s
  ep=    95 | score=3 | steps=5000 | reward=+7.999 | mean50=2.96 | stage=- | t=523s
  [Eval ep=  100] mean_score=0.600 success_rate=35.0% mean_survival=477 wall=559s
  ep=   100 | score=3 | steps=5000 | reward=+7.999 | mean50=2.90 | stage=- | t=559s
  ep=   105 | score=3 | steps=5000 | reward=+7.999 | mean50=2.82 | stage=- | t=585s
  ep=   110 | score=3 | steps=5000 | reward=+7.999 | mean50=2.82 | stage=- | t=624s
  ep=   115 | score=3 | steps=5000 | reward=+7.999 | mean50=2.82 | stage=- | t=662s
  ep=   120 | score=3 | steps=5000 | reward=+7.999 | mean50=2.84 | stage=- | t=695s
  ep=   125 | score=3 | steps=5000 | reward=+7.999 | mean50=2.84 | stage=- | t=733s
  ep=   130 | score=3 | steps=5000 | reward=+7.999 | mean50=2.82 | stage=- | t=763s
  ep=   135 | score=3 | steps=5000 | reward=+7.999 | mean50=2.82 | stage=- | t=805s
  ep=   140 | score=3 | steps=5000 | reward=+7.999 | mean50=2.82 | stage=- | t=836s
  ep=   145 | score=3 | steps=5000 | reward=+7.999 | mean50=2.78 | stage=- | t=865s
  ep=   150 | score=3 | steps=5000 | reward=+7.999 | mean50=2.84 | stage=- | t=901s
  ep=   155 | score=3 | steps=5000 | reward=+7.999 | mean50=2.92 | stage=- | t=936s
  ep=   160 | score=3 | steps=5000 | reward=+7.999 | mean50=2.92 | stage=- | t=971s
  ep=   165 | score=2 | steps=783 | reward=+1.782 | mean50=2.90 | stage=- | t=1000s
  ep=   170 | score=3 | steps=5000 | reward=+7.999 | mean50=2.86 | stage=- | t=1031s
  ep=   175 | score=3 | steps=5000 | reward=+7.999 | mean50=2.82 | stage=- | t=1061s
  ep=   180 | score=3 | steps=5000 | reward=+7.999 | mean50=2.84 | stage=- | t=1097s
  ep=   185 | score=3 | steps=5000 | reward=+7.999 | mean50=2.84 | stage=- | t=1132s
  ep=   190 | score=3 | steps=5000 | reward=+7.999 | mean50=2.86 | stage=- | t=1167s
  ep=   195 | score=3 | steps=5000 | reward=+7.999 | mean50=2.88 | stage=- | t=1196s
  [Eval ep=  200] mean_score=0.400 success_rate=30.0% mean_survival=237 wall=1237s
  ep=   200 | score=3 | steps=5000 | reward=+7.999 | mean50=2.88 | stage=- | t=1237s
  ep=   205 | score=3 | steps=5000 | reward=+7.999 | mean50=2.88 | stage=- | t=1268s
  ep=   210 | score=3 | steps=5000 | reward=+7.999 | mean50=2.88 | stage=- | t=1297s
  ep=   215 | score=3 | steps=5000 | reward=+7.999 | mean50=2.90 | stage=- | t=1325s
  ep=   220 | score=2 | steps=784 | reward=+1.783 | mean50=2.92 | stage=- | t=1350s
  ep=   225 | score=3 | steps=5000 | reward=+7.999 | mean50=2.96 | stage=- | t=1379s
  ep=   230 | score=3 | steps=5000 | reward=+7.999 | mean50=2.96 | stage=- | t=1408s
  ep=   235 | score=3 | steps=5000 | reward=+7.999 | mean50=2.96 | stage=- | t=1437s
  ep=   240 | score=3 | steps=5000 | reward=+7.999 | mean50=2.96 | stage=- | t=1466s
  ep=   245 | score=3 | steps=5000 | reward=+7.999 | mean50=2.98 | stage=- | t=1495s
  ep=   250 | score=3 | steps=5000 | reward=+7.999 | mean50=2.94 | stage=- | t=1519s
  ep=   255 | score=3 | steps=5000 | reward=+7.999 | mean50=2.94 | stage=- | t=1548s
  ep=   260 | score=3 | steps=5000 | reward=+7.999 | mean50=2.94 | stage=- | t=1577s
  ep=   265 | score=3 | steps=5000 | reward=+7.999 | mean50=2.90 | stage=- | t=1601s
  ep=   270 | score=1 | steps=549 | reward=+0.548 | mean50=2.88 | stage=- | t=1625s
  ep=   275 | score=3 | steps=5000 | reward=+7.999 | mean50=2.88 | stage=- | t=1654s
  ep=   280 | score=3 | steps=5000 | reward=+7.999 | mean50=2.88 | stage=- | t=1683s
  ep=   285 | score=3 | steps=5000 | reward=+7.999 | mean50=2.88 | stage=- | t=1712s
  ep=   290 | score=3 | steps=5000 | reward=+7.999 | mean50=2.88 | stage=- | t=1741s
  ep=   295 | score=3 | steps=5000 | reward=+7.999 | mean50=2.88 | stage=- | t=1770s
  [Eval ep=  300] mean_score=0.450 success_rate=25.0% mean_survival=684 wall=1811s
  ep=   300 | score=3 | steps=5000 | reward=+7.999 | mean50=2.92 | stage=- | t=1811s
  ep=   305 | score=3 | steps=5000 | reward=+7.999 | mean50=2.92 | stage=- | t=1840s
  ep=   310 | score=1 | steps=520 | reward=+0.519 | mean50=2.82 | stage=- | t=1859s
  ep=   315 | score=3 | steps=5000 | reward=+7.999 | mean50=2.86 | stage=- | t=1888s
  ep=   320 | score=3 | steps=5000 | reward=+7.999 | mean50=2.90 | stage=- | t=1917s
  ep=   325 | score=3 | steps=5000 | reward=+7.999 | mean50=2.90 | stage=- | t=1946s
  ep=   330 | score=3 | steps=5000 | reward=+7.999 | mean50=2.90 | stage=- | t=1975s
  ep=   335 | score=3 | steps=5000 | reward=+7.999 | mean50=2.90 | stage=- | t=2004s
  ep=   340 | score=3 | steps=5000 | reward=+7.999 | mean50=2.90 | stage=- | t=2033s
  ep=   345 | score=3 | steps=5000 | reward=+7.999 | mean50=2.90 | stage=- | t=2063s
  ep=   350 | score=3 | steps=5000 | reward=+7.999 | mean50=2.90 | stage=- | t=2092s
  ep=   355 | score=3 | steps=5000 | reward=+7.999 | mean50=2.90 | stage=- | t=2120s
  ep=   360 | score=3 | steps=5000 | reward=+7.999 | mean50=2.92 | stage=- | t=2139s
  ep=   365 | score=0 | steps=269 | reward=-0.732 | mean50=2.80 | stage=- | t=2158s
  ep=   370 | score=3 | steps=5000 | reward=+7.999 | mean50=2.74 | stage=- | t=2184s
  ep=   375 | score=0 | steps=269 | reward=-0.732 | mean50=2.68 | stage=- | t=2209s
  ep=   380 | score=3 | steps=5000 | reward=+7.999 | mean50=2.68 | stage=- | t=2238s
  ep=   385 | score=3 | steps=5000 | reward=+7.999 | mean50=2.68 | stage=- | t=2269s
  ep=   390 | score=3 | steps=5000 | reward=+7.999 | mean50=2.68 | stage=- | t=2299s
  ep=   395 | score=3 | steps=5000 | reward=+7.999 | mean50=2.68 | stage=- | t=2331s
  [Eval ep=  400] mean_score=0.400 success_rate=25.0% mean_survival=456 wall=2372s
  ep=   400 | score=3 | steps=5000 | reward=+7.999 | mean50=2.68 | stage=- | t=2372s
  ep=   405 | score=3 | steps=5000 | reward=+7.999 | mean50=2.68 | stage=- | t=2401s
  ep=   410 | score=3 | steps=5000 | reward=+7.999 | mean50=2.76 | stage=- | t=2433s
  ep=   415 | score=3 | steps=5000 | reward=+7.999 | mean50=2.88 | stage=- | t=2465s
  ep=   420 | score=3 | steps=5000 | reward=+7.999 | mean50=2.94 | stage=- | t=2497s
  ep=   425 | score=3 | steps=5000 | reward=+7.999 | mean50=2.96 | stage=- | t=2522s
  ep=   430 | score=0 | steps=301 | reward=-0.700 | mean50=2.90 | stage=- | t=2546s
  ep=   435 | score=3 | steps=5000 | reward=+7.999 | mean50=2.90 | stage=- | t=2576s
  ep=   440 | score=3 | steps=5000 | reward=+7.999 | mean50=2.90 | stage=- | t=2605s
  ep=   445 | score=3 | steps=5000 | reward=+7.999 | mean50=2.90 | stage=- | t=2635s
  ep=   450 | score=3 | steps=5000 | reward=+7.999 | mean50=2.90 | stage=- | t=2664s
  ep=   455 | score=3 | steps=5000 | reward=+7.999 | mean50=2.90 | stage=- | t=2693s
  ep=   460 | score=3 | steps=5000 | reward=+7.999 | mean50=2.90 | stage=- | t=2724s
  ep=   465 | score=3 | steps=5000 | reward=+7.999 | mean50=2.90 | stage=- | t=2754s
  ep=   470 | score=2 | steps=773 | reward=+1.772 | mean50=2.84 | stage=- | t=2775s
  ep=   475 | score=3 | steps=5000 | reward=+7.999 | mean50=2.88 | stage=- | t=2804s
  ep=   480 | score=3 | steps=5000 | reward=+7.999 | mean50=2.88 | stage=- | t=2828s
  ep=   485 | score=3 | steps=5000 | reward=+7.999 | mean50=2.88 | stage=- | t=2858s
  ep=   490 | score=3 | steps=5000 | reward=+7.999 | mean50=2.88 | stage=- | t=2888s
  ep=   495 | score=3 | steps=5000 | reward=+7.999 | mean50=2.88 | stage=- | t=2916s
  [Eval ep=  500] mean_score=0.400 success_rate=25.0% mean_survival=456 wall=2944s
  ep=   500 | score=3 | steps=5000 | reward=+7.999 | mean50=2.86 | stage=- | t=2944s

======================================================================
FINAL EVALUATION (validation seeds)
  eval_mean_score: 0.66
  eval_median_score: 0.0
  eval_std_score: 0.8392854103342915
  eval_max_score: 3.0
  eval_min_score: 0.0
  eval_mean_survival: 448.72
  eval_mean_reward: 0.14772000000004362
  eval_success_rate: 0.46
  eval_n_seeds: 50
[Saved] Final checkpoint: C:\Users\anand\OneDrive\Desktop\Projects\Fly stuff\results\phase7\checkpoints\flymind_none_s46_20260914_094706_final.npz
[Saved] Summary: C:\Users\anand\OneDrive\Desktop\Projects\Fly stuff\results\phase7\metrics\flymind_none_s46_20260914_094706_summary.json
[Saved] Training log: C:\Users\anand\OneDrive\Desktop\Projects\Fly stuff\results\phase7\metrics\flymind_none_s46_20260914_094706_training.csv

Final results:
  Train mean score (last 50): 2.860
  Val mean score (50 seeds):  0.660
  Val success rate:           46.0%
  Best score achieved:        3
======================================================================
