
======================================================================
PHASE 7 FLYMIND RL — flymind_none_s42_20260914_094705
Mode: flymind | Ablation: none | Episodes: 500
======================================================================
Agent: FlyMindRLAgent
Reward: FlappyRewardShaper(pipe=1.0, survival=0.001, collision=-1.0)
Curriculum: disabled
  ep=     1 | score=3 | steps=5000 | reward=+7.999 | mean50=3.00 | stage=- | t=6s
  ep=     2 | score=3 | steps=5000 | reward=+7.999 | mean50=3.00 | stage=- | t=14s
  ep=     3 | score=3 | steps=5000 | reward=+7.999 | mean50=3.00 | stage=- | t=20s
  ep=     4 | score=3 | steps=5000 | reward=+7.999 | mean50=3.00 | stage=- | t=26s
  ep=     5 | score=3 | steps=5000 | reward=+7.999 | mean50=3.00 | stage=- | t=32s
  ep=     6 | score=3 | steps=5000 | reward=+7.999 | mean50=3.00 | stage=- | t=38s
  ep=     7 | score=3 | steps=5000 | reward=+7.999 | mean50=3.00 | stage=- | t=44s
  ep=     8 | score=3 | steps=5000 | reward=+7.999 | mean50=3.00 | stage=- | t=49s
  ep=     9 | score=3 | steps=5000 | reward=+7.999 | mean50=3.00 | stage=- | t=56s
  ep=    10 | score=3 | steps=5000 | reward=+7.999 | mean50=3.00 | stage=- | t=63s
  ep=    15 | score=3 | steps=5000 | reward=+7.999 | mean50=2.87 | stage=- | t=89s
  ep=    20 | score=3 | steps=5000 | reward=+7.999 | mean50=2.90 | stage=- | t=118s
  ep=    25 | score=3 | steps=5000 | reward=+7.999 | mean50=2.92 | stage=- | t=147s
  ep=    30 | score=2 | steps=774 | reward=+1.773 | mean50=2.90 | stage=- | t=172s
  ep=    35 | score=3 | steps=5000 | reward=+7.999 | mean50=2.91 | stage=- | t=203s
  ep=    40 | score=3 | steps=5000 | reward=+7.999 | mean50=2.85 | stage=- | t=226s
  ep=    45 | score=3 | steps=5000 | reward=+7.999 | mean50=2.87 | stage=- | t=261s
  ep=    50 | score=3 | steps=5000 | reward=+7.999 | mean50=2.88 | stage=- | t=296s
  ep=    55 | score=3 | steps=5000 | reward=+7.999 | mean50=2.84 | stage=- | t=320s
  ep=    60 | score=3 | steps=5000 | reward=+7.999 | mean50=2.82 | stage=- | t=352s
  ep=    65 | score=2 | steps=778 | reward=+1.777 | mean50=2.84 | stage=- | t=384s
  ep=    70 | score=3 | steps=5000 | reward=+7.999 | mean50=2.84 | stage=- | t=421s
  ep=    75 | score=3 | steps=5000 | reward=+7.999 | mean50=2.84 | stage=- | t=457s
  ep=    80 | score=3 | steps=5000 | reward=+7.999 | mean50=2.86 | stage=- | t=490s
  ep=    85 | score=3 | steps=5000 | reward=+7.999 | mean50=2.86 | stage=- | t=527s
  ep=    90 | score=3 | steps=5000 | reward=+7.999 | mean50=2.90 | stage=- | t=557s
  ep=    95 | score=3 | steps=5000 | reward=+7.999 | mean50=2.90 | stage=- | t=587s
  [Eval ep=  100] mean_score=0.750 success_rate=40.0% mean_survival=948 wall=635s
  ep=   100 | score=3 | steps=5000 | reward=+7.999 | mean50=2.90 | stage=- | t=635s
  ep=   105 | score=3 | steps=5000 | reward=+7.999 | mean50=2.94 | stage=- | t=672s
  ep=   110 | score=3 | steps=5000 | reward=+7.999 | mean50=2.90 | stage=- | t=703s
  ep=   115 | score=3 | steps=5000 | reward=+7.999 | mean50=2.92 | stage=- | t=736s
  ep=   120 | score=3 | steps=5000 | reward=+7.999 | mean50=2.92 | stage=- | t=776s
  ep=   125 | score=3 | steps=5000 | reward=+7.999 | mean50=2.92 | stage=- | t=819s
  ep=   130 | score=3 | steps=5000 | reward=+7.999 | mean50=2.92 | stage=- | t=858s
  ep=   135 | score=3 | steps=5000 | reward=+7.999 | mean50=2.92 | stage=- | t=896s
  ep=   140 | score=3 | steps=5000 | reward=+7.999 | mean50=2.94 | stage=- | t=935s
  ep=   145 | score=3 | steps=5000 | reward=+7.999 | mean50=2.94 | stage=- | t=973s
  ep=   150 | score=2 | steps=759 | reward=+1.758 | mean50=2.92 | stage=- | t=1005s
  ep=   155 | score=3 | steps=5000 | reward=+7.999 | mean50=2.92 | stage=- | t=1044s
  ep=   160 | score=3 | steps=5000 | reward=+7.999 | mean50=2.98 | stage=- | t=1082s
  ep=   165 | score=3 | steps=5000 | reward=+7.999 | mean50=2.98 | stage=- | t=1121s
  ep=   170 | score=3 | steps=5000 | reward=+7.999 | mean50=2.98 | stage=- | t=1160s
  ep=   175 | score=3 | steps=5000 | reward=+7.999 | mean50=2.94 | stage=- | t=1191s
  ep=   180 | score=3 | steps=5000 | reward=+7.999 | mean50=2.94 | stage=- | t=1229s
  ep=   185 | score=3 | steps=5000 | reward=+7.999 | mean50=2.94 | stage=- | t=1266s
  ep=   190 | score=3 | steps=5000 | reward=+7.999 | mean50=2.94 | stage=- | t=1306s
  ep=   195 | score=3 | steps=5000 | reward=+7.999 | mean50=2.94 | stage=- | t=1344s
  [Eval ep=  200] mean_score=0.500 success_rate=30.0% mean_survival=247 wall=1380s
  ep=   200 | score=0 | steps=304 | reward=-0.697 | mean50=2.90 | stage=- | t=1380s
  ep=   205 | score=3 | steps=5000 | reward=+7.999 | mean50=2.88 | stage=- | t=1412s
  ep=   210 | score=3 | steps=5000 | reward=+7.999 | mean50=2.88 | stage=- | t=1450s
  ep=   215 | score=3 | steps=5000 | reward=+7.999 | mean50=2.82 | stage=- | t=1481s
  ep=   220 | score=3 | steps=5000 | reward=+7.999 | mean50=2.82 | stage=- | t=1520s
  ep=   225 | score=3 | steps=5000 | reward=+7.999 | mean50=2.86 | stage=- | t=1560s
  ep=   230 | score=3 | steps=5000 | reward=+7.999 | mean50=2.86 | stage=- | t=1598s
  ep=   235 | score=3 | steps=5000 | reward=+7.999 | mean50=2.86 | stage=- | t=1637s
  ep=   240 | score=3 | steps=5000 | reward=+7.999 | mean50=2.86 | stage=- | t=1675s
  ep=   245 | score=3 | steps=5000 | reward=+7.999 | mean50=2.86 | stage=- | t=1714s
  ep=   250 | score=3 | steps=5000 | reward=+7.999 | mean50=2.92 | stage=- | t=1753s
  ep=   255 | score=3 | steps=5000 | reward=+7.999 | mean50=2.90 | stage=- | t=1784s
  ep=   260 | score=3 | steps=5000 | reward=+7.999 | mean50=2.90 | stage=- | t=1822s
  ep=   265 | score=3 | steps=5000 | reward=+7.999 | mean50=2.96 | stage=- | t=1861s
  ep=   270 | score=3 | steps=5000 | reward=+7.999 | mean50=2.92 | stage=- | t=1892s
  ep=   275 | score=3 | steps=5000 | reward=+7.999 | mean50=2.88 | stage=- | t=1924s
  ep=   280 | score=3 | steps=5000 | reward=+7.999 | mean50=2.88 | stage=- | t=1962s
  ep=   285 | score=3 | steps=5000 | reward=+7.999 | mean50=2.88 | stage=- | t=2001s
  ep=   290 | score=3 | steps=5000 | reward=+7.999 | mean50=2.88 | stage=- | t=2039s
  ep=   295 | score=3 | steps=5000 | reward=+7.999 | mean50=2.86 | stage=- | t=2072s
  [Eval ep=  300] mean_score=0.350 success_rate=25.0% mean_survival=230 wall=2116s
  ep=   300 | score=3 | steps=5000 | reward=+7.999 | mean50=2.86 | stage=- | t=2116s
  ep=   305 | score=3 | steps=5000 | reward=+7.999 | mean50=2.90 | stage=- | t=2146s
  ep=   310 | score=3 | steps=5000 | reward=+7.999 | mean50=2.84 | stage=- | t=2171s
  ep=   315 | score=3 | steps=5000 | reward=+7.999 | mean50=2.84 | stage=- | t=2202s
  ep=   320 | score=3 | steps=5000 | reward=+7.999 | mean50=2.88 | stage=- | t=2230s
  ep=   325 | score=3 | steps=5000 | reward=+7.999 | mean50=2.92 | stage=- | t=2260s
  ep=   330 | score=3 | steps=5000 | reward=+7.999 | mean50=2.92 | stage=- | t=2290s
  ep=   335 | score=3 | steps=5000 | reward=+7.999 | mean50=2.92 | stage=- | t=2322s
  ep=   340 | score=3 | steps=5000 | reward=+7.999 | mean50=2.90 | stage=- | t=2347s
  ep=   345 | score=3 | steps=5000 | reward=+7.999 | mean50=2.92 | stage=- | t=2378s
  ep=   350 | score=3 | steps=5000 | reward=+7.999 | mean50=2.92 | stage=- | t=2407s
  ep=   355 | score=3 | steps=5000 | reward=+7.999 | mean50=2.88 | stage=- | t=2433s
  ep=   360 | score=3 | steps=5000 | reward=+7.999 | mean50=2.92 | stage=- | t=2459s
  ep=   365 | score=0 | steps=269 | reward=-0.732 | mean50=2.80 | stage=- | t=2480s
  ep=   370 | score=3 | steps=5000 | reward=+7.999 | mean50=2.72 | stage=- | t=2499s
  ep=   375 | score=3 | steps=5000 | reward=+7.999 | mean50=2.66 | stage=- | t=2523s
  ep=   380 | score=3 | steps=5000 | reward=+7.999 | mean50=2.60 | stage=- | t=2546s
  ep=   385 | score=3 | steps=5000 | reward=+7.999 | mean50=2.60 | stage=- | t=2576s
  ep=   390 | score=3 | steps=5000 | reward=+7.999 | mean50=2.62 | stage=- | t=2605s
  ep=   395 | score=3 | steps=5000 | reward=+7.999 | mean50=2.62 | stage=- | t=2634s
  [Eval ep=  400] mean_score=0.350 success_rate=25.0% mean_survival=228 wall=2673s
  ep=   400 | score=3 | steps=5000 | reward=+7.999 | mean50=2.62 | stage=- | t=2673s
  ep=   405 | score=3 | steps=5000 | reward=+7.999 | mean50=2.66 | stage=- | t=2703s
  ep=   410 | score=3 | steps=5000 | reward=+7.999 | mean50=2.68 | stage=- | t=2733s
  ep=   415 | score=3 | steps=5000 | reward=+7.999 | mean50=2.80 | stage=- | t=2763s
  ep=   420 | score=3 | steps=5000 | reward=+7.999 | mean50=2.88 | stage=- | t=2793s
  ep=   425 | score=3 | steps=5000 | reward=+7.999 | mean50=2.94 | stage=- | t=2822s
  ep=   430 | score=3 | steps=5000 | reward=+7.999 | mean50=2.96 | stage=- | t=2846s
  ep=   435 | score=3 | steps=5000 | reward=+7.999 | mean50=2.90 | stage=- | t=2870s
  ep=   440 | score=3 | steps=5000 | reward=+7.999 | mean50=2.90 | stage=- | t=2899s
  ep=   445 | score=3 | steps=5000 | reward=+7.999 | mean50=2.90 | stage=- | t=2924s
  ep=   450 | score=3 | steps=5000 | reward=+7.999 | mean50=2.90 | stage=- | t=2947s
  ep=   455 | score=3 | steps=5000 | reward=+7.999 | mean50=2.90 | stage=- | t=2967s
  ep=   460 | score=3 | steps=5000 | reward=+7.999 | mean50=2.90 | stage=- | t=2984s
  ep=   465 | score=3 | steps=5000 | reward=+7.999 | mean50=2.90 | stage=- | t=3000s
  ep=   470 | score=3 | steps=5000 | reward=+7.999 | mean50=2.90 | stage=- | t=3016s
  ep=   475 | score=3 | steps=5000 | reward=+7.999 | mean50=2.86 | stage=- | t=3029s
  ep=   480 | score=0 | steps=269 | reward=-0.732 | mean50=2.84 | stage=- | t=3042s
  ep=   485 | score=3 | steps=5000 | reward=+7.999 | mean50=2.90 | stage=- | t=3056s
  ep=   490 | score=3 | steps=5000 | reward=+7.999 | mean50=2.90 | stage=- | t=3070s
  ep=   495 | score=2 | steps=791 | reward=+1.790 | mean50=2.88 | stage=- | t=3082s
  [Eval ep=  500] mean_score=0.350 success_rate=25.0% mean_survival=228 wall=3101s
  ep=   500 | score=3 | steps=5000 | reward=+7.999 | mean50=2.88 | stage=- | t=3101s

======================================================================
FINAL EVALUATION (validation seeds)
  eval_mean_score: 0.66
  eval_median_score: 0.0
  eval_std_score: 0.8392854103342915
  eval_max_score: 3.0
  eval_min_score: 0.0
  eval_mean_survival: 447.88
  eval_mean_reward: 0.14688000000004378
  eval_success_rate: 0.46
  eval_n_seeds: 50
[Saved] Final checkpoint: C:\Users\anand\OneDrive\Desktop\Projects\Fly stuff\results\phase7\checkpoints\flymind_none_s42_20260914_094705_final.npz
[Saved] Summary: C:\Users\anand\OneDrive\Desktop\Projects\Fly stuff\results\phase7\metrics\flymind_none_s42_20260914_094705_summary.json
[Saved] Training log: C:\Users\anand\OneDrive\Desktop\Projects\Fly stuff\results\phase7\metrics\flymind_none_s42_20260914_094705_training.csv

Final results:
  Train mean score (last 50): 2.880
  Val mean score (50 seeds):  0.660
  Val success rate:           46.0%
  Best score achieved:        3
======================================================================
