
======================================================================
PHASE 7 FLYMIND RL — flymind_none_s48_20260914_114729
Mode: flymind | Ablation: none | Episodes: 500
======================================================================
Agent: FlyMindRLAgent
Reward: FlappyRewardShaper(pipe=1.0, survival=0.001, collision=-1.0)
Curriculum: disabled
  ep=     1 | score=23 | steps=5794 | reward=+27.793 | mean50=23.00 | stage=- | t=9s
  ep=     2 | score=6 | steps=1709 | reward=+6.708 | mean50=14.50 | stage=- | t=11s
  ep=     3 | score=24 | steps=6029 | reward=+29.028 | mean50=17.67 | stage=- | t=18s
  ep=     4 | score=41 | steps=10000 | reward=+50.999 | mean50=23.50 | stage=- | t=32s
  ep=     5 | score=22 | steps=5591 | reward=+26.590 | mean50=23.20 | stage=- | t=41s
  ep=     6 | score=41 | steps=10000 | reward=+50.999 | mean50=26.17 | stage=- | t=57s
  ep=     7 | score=41 | steps=10000 | reward=+50.999 | mean50=28.29 | stage=- | t=74s
  ep=     8 | score=41 | steps=10000 | reward=+50.999 | mean50=29.88 | stage=- | t=89s
  ep=     9 | score=41 | steps=10000 | reward=+50.999 | mean50=31.11 | stage=- | t=102s
  ep=    10 | score=41 | steps=10000 | reward=+50.999 | mean50=32.10 | stage=- | t=114s
  ep=    15 | score=1 | steps=519 | reward=+0.518 | mean50=30.93 | stage=- | t=156s
  ep=    20 | score=41 | steps=10000 | reward=+50.999 | mean50=31.10 | stage=- | t=203s
  ep=    25 | score=41 | steps=10000 | reward=+50.999 | mean50=30.40 | stage=- | t=244s
  ep=    30 | score=21 | steps=5363 | reward=+25.362 | mean50=29.37 | stage=- | t=281s
  ep=    35 | score=20 | steps=5122 | reward=+24.121 | mean50=30.43 | stage=- | t=336s
  ep=    40 | score=13 | steps=3436 | reward=+15.435 | mean50=30.62 | stage=- | t=390s
  ep=    45 | score=41 | steps=10000 | reward=+50.999 | mean50=31.27 | stage=- | t=448s
  ep=    50 | score=17 | steps=4402 | reward=+20.401 | mean50=31.54 | stage=- | t=512s
  ep=    55 | score=5 | steps=1475 | reward=+5.474 | mean50=32.60 | stage=- | t=570s
  ep=    60 | score=41 | steps=10000 | reward=+50.999 | mean50=32.54 | stage=- | t=638s
  ep=    65 | score=41 | steps=10000 | reward=+50.999 | mean50=33.16 | stage=- | t=700s
  ep=    70 | score=41 | steps=10000 | reward=+50.999 | mean50=33.68 | stage=- | t=756s
  ep=    75 | score=41 | steps=10000 | reward=+50.999 | mean50=34.56 | stage=- | t=811s
  ep=    80 | score=41 | steps=10000 | reward=+50.999 | mean50=36.24 | stage=- | t=872s
  ep=    85 | score=41 | steps=10000 | reward=+50.999 | mean50=36.66 | stage=- | t=935s
  ep=    90 | score=24 | steps=6041 | reward=+29.040 | mean50=37.22 | stage=- | t=1000s
  ep=    95 | score=41 | steps=10000 | reward=+50.999 | mean50=37.68 | stage=- | t=1076s
  [Eval ep=  100] mean_score=0.800 success_rate=35.0% mean_survival=290 wall=1156s
  ep=   100 | score=41 | steps=10000 | reward=+50.999 | mean50=38.38 | stage=- | t=1156s
  ep=   105 | score=41 | steps=10000 | reward=+50.999 | mean50=39.10 | stage=- | t=1226s
  ep=   110 | score=41 | steps=10000 | reward=+50.999 | mean50=39.16 | stage=- | t=1294s
  ep=   115 | score=41 | steps=10000 | reward=+50.999 | mean50=39.78 | stage=- | t=1373s
  ep=   120 | score=16 | steps=4109 | reward=+19.108 | mean50=38.42 | stage=- | t=1418s
  ep=   125 | score=35 | steps=8674 | reward=+42.673 | mean50=38.76 | stage=- | t=1477s
  ep=   130 | score=41 | steps=10000 | reward=+50.999 | mean50=38.76 | stage=- | t=1535s
  ep=   135 | score=41 | steps=10000 | reward=+50.999 | mean50=38.40 | stage=- | t=1587s
  ep=   140 | score=41 | steps=10000 | reward=+50.999 | mean50=38.74 | stage=- | t=1641s
  ep=   145 | score=41 | steps=10000 | reward=+50.999 | mean50=38.74 | stage=- | t=1697s
  ep=   150 | score=41 | steps=10000 | reward=+50.999 | mean50=36.82 | stage=- | t=1728s
  ep=   155 | score=41 | steps=10000 | reward=+50.999 | mean50=36.06 | stage=- | t=1775s
  ep=   160 | score=41 | steps=10000 | reward=+50.999 | mean50=35.86 | stage=- | t=1827s
  ep=   165 | score=41 | steps=10000 | reward=+50.999 | mean50=35.86 | stage=- | t=1881s
  ep=   170 | score=41 | steps=10000 | reward=+50.999 | mean50=37.00 | stage=- | t=1928s
  ep=   175 | score=41 | steps=10000 | reward=+50.999 | mean50=37.06 | stage=- | t=1980s
  ep=   180 | score=41 | steps=10000 | reward=+50.999 | mean50=37.06 | stage=- | t=2035s
  ep=   185 | score=41 | steps=10000 | reward=+50.999 | mean50=36.82 | stage=- | t=2081s
  ep=   190 | score=41 | steps=10000 | reward=+50.999 | mean50=36.82 | stage=- | t=2137s
  ep=   195 | score=10 | steps=2669 | reward=+11.668 | mean50=34.70 | stage=- | t=2164s
  [Eval ep=  200] mean_score=1.700 success_rate=50.0% mean_survival=408 wall=2217s
  ep=   200 | score=41 | steps=10000 | reward=+50.999 | mean50=35.38 | stage=- | t=2217s
  ep=   205 | score=41 | steps=10000 | reward=+50.999 | mean50=33.98 | stage=- | t=2245s
  ep=   210 | score=13 | steps=3389 | reward=+15.388 | mean50=32.92 | stage=- | t=2284s
  ep=   215 | score=28 | steps=6989 | reward=+33.988 | mean50=31.74 | stage=- | t=2323s
  ep=   220 | score=29 | steps=7247 | reward=+35.246 | mean50=31.08 | stage=- | t=2360s
  ep=   225 | score=30 | steps=7505 | reward=+36.504 | mean50=29.80 | stage=- | t=2396s
  ep=   230 | score=6 | steps=1709 | reward=+6.708 | mean50=26.56 | stage=- | t=2409s
  ep=   235 | score=19 | steps=4854 | reward=+22.853 | mean50=24.62 | stage=- | t=2431s
  ep=   240 | score=11 | steps=2914 | reward=+12.913 | mean50=21.66 | stage=- | t=2447s
  ep=   245 | score=6 | steps=1757 | reward=+6.756 | mean50=20.18 | stage=- | t=2455s
  ep=   250 | score=6 | steps=1740 | reward=+6.739 | mean50=17.76 | stage=- | t=2463s
  ep=   255 | score=12 | steps=2969 | reward=+13.968 | mean50=17.02 | stage=- | t=2479s
  ep=   260 | score=22 | steps=5597 | reward=+26.596 | mean50=15.54 | stage=- | t=2499s
  ep=   265 | score=8 | steps=2189 | reward=+9.188 | mean50=13.10 | stage=- | t=2507s
  ep=   270 | score=3 | steps=999 | reward=+2.998 | mean50=10.94 | stage=- | t=2517s
  ep=   275 | score=22 | steps=5575 | reward=+26.574 | mean50=9.04 | stage=- | t=2529s
  ep=   280 | score=1 | steps=534 | reward=+0.533 | mean50=8.86 | stage=- | t=2540s
  ep=   285 | score=10 | steps=2673 | reward=+11.672 | mean50=7.84 | stage=- | t=2548s
  ep=   290 | score=12 | steps=3198 | reward=+14.197 | mean50=8.06 | stage=- | t=2567s
  ep=   295 | score=3 | steps=989 | reward=+2.988 | mean50=8.06 | stage=- | t=2575s
  [Eval ep=  300] mean_score=1.700 success_rate=50.0% mean_survival=408 wall=2592s
  ep=   300 | score=0 | steps=269 | reward=-0.732 | mean50=8.40 | stage=- | t=2592s
  ep=   305 | score=38 | steps=9423 | reward=+46.422 | mean50=8.36 | stage=- | t=2609s
  ep=   310 | score=11 | steps=2964 | reward=+12.963 | mean50=8.52 | stage=- | t=2632s
  ep=   315 | score=19 | steps=4829 | reward=+22.828 | mean50=9.76 | stage=- | t=2656s
  ep=   320 | score=20 | steps=5104 | reward=+24.103 | mean50=10.12 | stage=- | t=2671s
  ep=   325 | score=20 | steps=4891 | reward=+23.890 | mean50=10.16 | stage=- | t=2685s
  ep=   330 | score=4 | steps=1234 | reward=+4.233 | mean50=10.66 | stage=- | t=2702s
  ep=   335 | score=6 | steps=1738 | reward=+6.737 | mean50=10.64 | stage=- | t=2711s
  ep=   340 | score=3 | steps=1017 | reward=+3.016 | mean50=10.04 | stage=- | t=2723s
  ep=   345 | score=11 | steps=2964 | reward=+12.963 | mean50=10.92 | stage=- | t=2742s
  ep=   350 | score=41 | steps=10000 | reward=+50.999 | mean50=11.66 | stage=- | t=2764s
  ep=   355 | score=0 | steps=269 | reward=-0.732 | mean50=10.98 | stage=- | t=2772s
  ep=   360 | score=3 | steps=1017 | reward=+3.016 | mean50=10.10 | stage=- | t=2782s
  ep=   365 | score=3 | steps=805 | reward=+2.804 | mean50=9.12 | stage=- | t=2794s
  ep=   370 | score=16 | steps=4109 | reward=+19.108 | mean50=8.98 | stage=- | t=2807s
  ep=   375 | score=12 | steps=3199 | reward=+14.198 | mean50=9.48 | stage=- | t=2827s
  ep=   380 | score=3 | steps=999 | reward=+2.998 | mean50=8.96 | stage=- | t=2838s
  ep=   385 | score=5 | steps=1486 | reward=+5.485 | mean50=9.82 | stage=- | t=2858s
  ep=   390 | score=10 | steps=2695 | reward=+11.694 | mean50=10.16 | stage=- | t=2875s
  ep=   395 | score=4 | steps=1233 | reward=+4.232 | mean50=10.00 | stage=- | t=2892s
  [Eval ep=  400] mean_score=1.700 success_rate=50.0% mean_survival=408 wall=2919s
  ep=   400 | score=4 | steps=1254 | reward=+4.253 | mean50=9.88 | stage=- | t=2919s
  ep=   405 | score=0 | steps=269 | reward=-0.732 | mean50=9.74 | stage=- | t=2925s
  ep=   410 | score=2 | steps=768 | reward=+1.767 | mean50=9.62 | stage=- | t=2934s
  ep=   415 | score=6 | steps=1762 | reward=+6.761 | mean50=10.86 | stage=- | t=2963s
  ep=   420 | score=30 | steps=7497 | reward=+36.496 | mean50=11.04 | stage=- | t=2979s
  ep=   425 | score=4 | steps=1252 | reward=+4.251 | mean50=10.84 | stage=- | t=2997s
  ep=   430 | score=8 | steps=2230 | reward=+9.229 | mean50=10.80 | stage=- | t=3007s
  ep=   435 | score=12 | steps=2968 | reward=+13.967 | mean50=10.24 | stage=- | t=3020s
  ep=   440 | score=39 | steps=9642 | reward=+47.641 | mean50=10.70 | stage=- | t=3043s
  ep=   445 | score=12 | steps=3178 | reward=+14.177 | mean50=10.46 | stage=- | t=3059s
  ep=   450 | score=2 | steps=802 | reward=+1.801 | mean50=11.12 | stage=- | t=3087s
  ep=   455 | score=5 | steps=1486 | reward=+5.485 | mean50=11.94 | stage=- | t=3104s
  ep=   460 | score=13 | steps=3394 | reward=+15.393 | mean50=13.00 | stage=- | t=3122s
  ep=   465 | score=15 | steps=3917 | reward=+17.916 | mean50=12.04 | stage=- | t=3133s
  ep=   470 | score=7 | steps=1949 | reward=+7.948 | mean50=12.40 | stage=- | t=3146s
  ep=   475 | score=12 | steps=3181 | reward=+14.180 | mean50=12.44 | stage=- | t=3159s
  ep=   480 | score=9 | steps=2461 | reward=+10.460 | mean50=12.82 | stage=- | t=3170s
  ep=   485 | score=12 | steps=3180 | reward=+14.179 | mean50=13.10 | stage=- | t=3181s
  ep=   490 | score=14 | steps=3648 | reward=+16.647 | mean50=12.62 | stage=- | t=3192s
  ep=   495 | score=23 | steps=5789 | reward=+27.788 | mean50=13.04 | stage=- | t=3206s
  [Eval ep=  500] mean_score=1.700 success_rate=50.0% mean_survival=408 wall=3223s
  ep=   500 | score=15 | steps=3922 | reward=+17.921 | mean50=12.14 | stage=- | t=3223s

======================================================================
FINAL EVALUATION (validation seeds)
  eval_mean_score: 1.68
  eval_median_score: 1.0
  eval_std_score: 2.0341091416145796
  eval_max_score: 7.0
  eval_min_score: 0.0
  eval_mean_survival: 406.72
  eval_mean_reward: 1.0857199999999971
  eval_success_rate: 0.6
  eval_n_seeds: 50
[Saved] Final checkpoint: C:\Users\anand\OneDrive\Desktop\Projects\Fly stuff\results\phase7\checkpoints\flymind_none_s48_20260914_114729_final.npz
[Saved] Summary: C:\Users\anand\OneDrive\Desktop\Projects\Fly stuff\results\phase7\metrics\flymind_none_s48_20260914_114729_summary.json
[Saved] Training log: C:\Users\anand\OneDrive\Desktop\Projects\Fly stuff\results\phase7\metrics\flymind_none_s48_20260914_114729_training.csv

Final results:
  Train mean score (last 50): 12.140
  Val mean score (50 seeds):  1.680
  Val success rate:           60.0%
  Best score achieved:        41
======================================================================
