
======================================================================
PHASE 7 FLYMIND RL — flymind_none_s44_20260914_094705
Mode: flymind | Ablation: none | Episodes: 500
======================================================================
Agent: FlyMindRLAgent
Reward: FlappyRewardShaper(pipe=1.0, survival=0.001, collision=-1.0)
Curriculum: disabled
  ep=     1 | score=3 | steps=5000 | reward=+7.999 | mean50=3.00 | stage=- | t=8s
  ep=     2 | score=3 | steps=5000 | reward=+7.999 | mean50=3.00 | stage=- | t=17s
  ep=     3 | score=3 | steps=5000 | reward=+7.999 | mean50=3.00 | stage=- | t=25s
  ep=     4 | score=3 | steps=5000 | reward=+7.999 | mean50=3.00 | stage=- | t=33s
  ep=     5 | score=3 | steps=5000 | reward=+7.999 | mean50=3.00 | stage=- | t=42s
  ep=     6 | score=3 | steps=5000 | reward=+7.999 | mean50=3.00 | stage=- | t=51s
  ep=     7 | score=3 | steps=5000 | reward=+7.999 | mean50=3.00 | stage=- | t=59s
  ep=     8 | score=3 | steps=5000 | reward=+7.999 | mean50=3.00 | stage=- | t=67s
  ep=     9 | score=3 | steps=5000 | reward=+7.999 | mean50=3.00 | stage=- | t=75s
  ep=    10 | score=3 | steps=5000 | reward=+7.999 | mean50=3.00 | stage=- | t=83s
  ep=    15 | score=3 | steps=5000 | reward=+7.999 | mean50=2.93 | stage=- | t=116s
  ep=    20 | score=3 | steps=5000 | reward=+7.999 | mean50=2.95 | stage=- | t=157s
  ep=    25 | score=3 | steps=5000 | reward=+7.999 | mean50=2.96 | stage=- | t=199s
  ep=    30 | score=3 | steps=5000 | reward=+7.999 | mean50=2.93 | stage=- | t=234s
  ep=    35 | score=3 | steps=5000 | reward=+7.999 | mean50=2.94 | stage=- | t=275s
  ep=    40 | score=3 | steps=5000 | reward=+7.999 | mean50=2.92 | stage=- | t=309s
  ep=    45 | score=3 | steps=5000 | reward=+7.999 | mean50=2.93 | stage=- | t=348s
  ep=    50 | score=3 | steps=5000 | reward=+7.999 | mean50=2.94 | stage=- | t=388s
  ep=    55 | score=3 | steps=5000 | reward=+7.999 | mean50=2.94 | stage=- | t=427s
  ep=    60 | score=3 | steps=5000 | reward=+7.999 | mean50=2.94 | stage=- | t=468s
  ep=    65 | score=2 | steps=758 | reward=+1.757 | mean50=2.94 | stage=- | t=500s
  ep=    70 | score=3 | steps=5000 | reward=+7.999 | mean50=2.88 | stage=- | t=532s
  ep=    75 | score=3 | steps=5000 | reward=+7.999 | mean50=2.86 | stage=- | t=566s
  ep=    80 | score=3 | steps=5000 | reward=+7.999 | mean50=2.88 | stage=- | t=606s
  ep=    85 | score=3 | steps=5000 | reward=+7.999 | mean50=2.88 | stage=- | t=642s
  ep=    90 | score=3 | steps=5000 | reward=+7.999 | mean50=2.90 | stage=- | t=672s
  ep=    95 | score=3 | steps=5000 | reward=+7.999 | mean50=2.90 | stage=- | t=713s
  [Eval ep=  100] mean_score=0.350 success_rate=30.0% mean_survival=231 wall=756s
  ep=   100 | score=3 | steps=5000 | reward=+7.999 | mean50=2.90 | stage=- | t=756s
  ep=   105 | score=3 | steps=5000 | reward=+7.999 | mean50=2.88 | stage=- | t=780s
  ep=   110 | score=3 | steps=5000 | reward=+7.999 | mean50=2.82 | stage=- | t=805s
  ep=   115 | score=3 | steps=5000 | reward=+7.999 | mean50=2.84 | stage=- | t=835s
  ep=   120 | score=3 | steps=5000 | reward=+7.999 | mean50=2.90 | stage=- | t=864s
  ep=   125 | score=3 | steps=5000 | reward=+7.999 | mean50=2.92 | stage=- | t=892s
  ep=   130 | score=3 | steps=5000 | reward=+7.999 | mean50=2.92 | stage=- | t=921s
  ep=   135 | score=3 | steps=5000 | reward=+7.999 | mean50=2.92 | stage=- | t=949s
  ep=   140 | score=3 | steps=5000 | reward=+7.999 | mean50=2.92 | stage=- | t=977s
  ep=   145 | score=3 | steps=5000 | reward=+7.999 | mean50=2.92 | stage=- | t=1006s
  ep=   150 | score=3 | steps=5000 | reward=+7.999 | mean50=2.88 | stage=- | t=1029s
  ep=   155 | score=3 | steps=5000 | reward=+7.999 | mean50=2.90 | stage=- | t=1057s
  ep=   160 | score=3 | steps=5000 | reward=+7.999 | mean50=2.96 | stage=- | t=1085s
  ep=   165 | score=3 | steps=5000 | reward=+7.999 | mean50=2.94 | stage=- | t=1109s
  ep=   170 | score=3 | steps=5000 | reward=+7.999 | mean50=2.94 | stage=- | t=1136s
  ep=   175 | score=3 | steps=5000 | reward=+7.999 | mean50=2.90 | stage=- | t=1159s
  ep=   180 | score=3 | steps=5000 | reward=+7.999 | mean50=2.90 | stage=- | t=1187s
  ep=   185 | score=3 | steps=5000 | reward=+7.999 | mean50=2.90 | stage=- | t=1215s
  ep=   190 | score=3 | steps=5000 | reward=+7.999 | mean50=2.90 | stage=- | t=1243s
  ep=   195 | score=3 | steps=5000 | reward=+7.999 | mean50=2.90 | stage=- | t=1272s
  [Eval ep=  200] mean_score=0.550 success_rate=30.0% mean_survival=699 wall=1313s
  ep=   200 | score=3 | steps=5000 | reward=+7.999 | mean50=2.94 | stage=- | t=1313s
  ep=   205 | score=3 | steps=5000 | reward=+7.999 | mean50=2.94 | stage=- | t=1341s
  ep=   210 | score=3 | steps=5000 | reward=+7.999 | mean50=2.94 | stage=- | t=1369s
  ep=   215 | score=3 | steps=5000 | reward=+7.999 | mean50=2.96 | stage=- | t=1398s
  ep=   220 | score=3 | steps=5000 | reward=+7.999 | mean50=2.96 | stage=- | t=1426s
  ep=   225 | score=3 | steps=5000 | reward=+7.999 | mean50=3.00 | stage=- | t=1454s
  ep=   230 | score=3 | steps=5000 | reward=+7.999 | mean50=3.00 | stage=- | t=1483s
  ep=   235 | score=3 | steps=5000 | reward=+7.999 | mean50=2.98 | stage=- | t=1506s
  ep=   240 | score=3 | steps=5000 | reward=+7.999 | mean50=2.98 | stage=- | t=1535s
  ep=   245 | score=3 | steps=5000 | reward=+7.999 | mean50=2.98 | stage=- | t=1564s
  ep=   250 | score=3 | steps=5000 | reward=+7.999 | mean50=2.98 | stage=- | t=1592s
  ep=   255 | score=3 | steps=5000 | reward=+7.999 | mean50=2.94 | stage=- | t=1616s
  ep=   260 | score=3 | steps=5000 | reward=+7.999 | mean50=2.94 | stage=- | t=1644s
  ep=   265 | score=1 | steps=512 | reward=+0.511 | mean50=2.90 | stage=- | t=1668s
  ep=   270 | score=1 | steps=521 | reward=+0.520 | mean50=2.80 | stage=- | t=1686s
  ep=   275 | score=3 | steps=5000 | reward=+7.999 | mean50=2.76 | stage=- | t=1709s
  ep=   280 | score=3 | steps=5000 | reward=+7.999 | mean50=2.76 | stage=- | t=1738s
  ep=   285 | score=3 | steps=5000 | reward=+7.999 | mean50=2.78 | stage=- | t=1766s
  ep=   290 | score=3 | steps=5000 | reward=+7.999 | mean50=2.78 | stage=- | t=1795s
  ep=   295 | score=3 | steps=5000 | reward=+7.999 | mean50=2.78 | stage=- | t=1823s
  [Eval ep=  300] mean_score=0.350 success_rate=25.0% mean_survival=230 wall=1858s
  ep=   300 | score=3 | steps=5000 | reward=+7.999 | mean50=2.78 | stage=- | t=1858s
  ep=   305 | score=3 | steps=5000 | reward=+7.999 | mean50=2.76 | stage=- | t=1882s
  ep=   310 | score=3 | steps=5000 | reward=+7.999 | mean50=2.76 | stage=- | t=1910s
  ep=   315 | score=3 | steps=5000 | reward=+7.999 | mean50=2.80 | stage=- | t=1938s
  ep=   320 | score=3 | steps=5000 | reward=+7.999 | mean50=2.90 | stage=- | t=1966s
  ep=   325 | score=3 | steps=5000 | reward=+7.999 | mean50=2.94 | stage=- | t=1994s
  ep=   330 | score=3 | steps=5000 | reward=+7.999 | mean50=2.94 | stage=- | t=2018s
  ep=   335 | score=3 | steps=5000 | reward=+7.999 | mean50=2.94 | stage=- | t=2048s
  ep=   340 | score=3 | steps=5000 | reward=+7.999 | mean50=2.90 | stage=- | t=2071s
  ep=   345 | score=3 | steps=5000 | reward=+7.999 | mean50=2.90 | stage=- | t=2100s
  ep=   350 | score=3 | steps=5000 | reward=+7.999 | mean50=2.90 | stage=- | t=2129s
  ep=   355 | score=3 | steps=5000 | reward=+7.999 | mean50=2.92 | stage=- | t=2154s
  ep=   360 | score=3 | steps=5000 | reward=+7.999 | mean50=2.86 | stage=- | t=2180s
  ep=   365 | score=3 | steps=5000 | reward=+7.999 | mean50=2.76 | stage=- | t=2199s
  ep=   370 | score=0 | steps=286 | reward=-0.715 | mean50=2.64 | stage=- | t=2216s
  ep=   375 | score=3 | steps=5000 | reward=+7.999 | mean50=2.64 | stage=- | t=2245s
  ep=   380 | score=3 | steps=5000 | reward=+7.999 | mean50=2.58 | stage=- | t=2271s
  ep=   385 | score=3 | steps=5000 | reward=+7.999 | mean50=2.58 | stage=- | t=2301s
  ep=   390 | score=3 | steps=5000 | reward=+7.999 | mean50=2.60 | stage=- | t=2328s
  ep=   395 | score=3 | steps=5000 | reward=+7.999 | mean50=2.60 | stage=- | t=2358s
  [Eval ep=  400] mean_score=0.400 success_rate=25.0% mean_survival=456 wall=2398s
  ep=   400 | score=3 | steps=5000 | reward=+7.999 | mean50=2.60 | stage=- | t=2398s
  ep=   405 | score=3 | steps=5000 | reward=+7.999 | mean50=2.64 | stage=- | t=2430s
  ep=   410 | score=3 | steps=5000 | reward=+7.999 | mean50=2.70 | stage=- | t=2462s
  ep=   415 | score=3 | steps=5000 | reward=+7.999 | mean50=2.80 | stage=- | t=2494s
  ep=   420 | score=3 | steps=5000 | reward=+7.999 | mean50=2.92 | stage=- | t=2524s
  ep=   425 | score=3 | steps=5000 | reward=+7.999 | mean50=2.92 | stage=- | t=2552s
  ep=   430 | score=3 | steps=5000 | reward=+7.999 | mean50=2.94 | stage=- | t=2576s
  ep=   435 | score=3 | steps=5000 | reward=+7.999 | mean50=2.88 | stage=- | t=2600s
  ep=   440 | score=3 | steps=5000 | reward=+7.999 | mean50=2.90 | stage=- | t=2629s
  ep=   445 | score=3 | steps=5000 | reward=+7.999 | mean50=2.90 | stage=- | t=2659s
  ep=   450 | score=3 | steps=5000 | reward=+7.999 | mean50=2.90 | stage=- | t=2687s
  ep=   455 | score=3 | steps=5000 | reward=+7.999 | mean50=2.90 | stage=- | t=2717s
  ep=   460 | score=3 | steps=5000 | reward=+7.999 | mean50=2.90 | stage=- | t=2748s
  ep=   465 | score=3 | steps=5000 | reward=+7.999 | mean50=2.90 | stage=- | t=2778s
  ep=   470 | score=3 | steps=5000 | reward=+7.999 | mean50=2.90 | stage=- | t=2807s
  ep=   475 | score=3 | steps=5000 | reward=+7.999 | mean50=2.86 | stage=- | t=2832s
  ep=   480 | score=3 | steps=5000 | reward=+7.999 | mean50=2.84 | stage=- | t=2856s
  ep=   485 | score=2 | steps=772 | reward=+1.771 | mean50=2.88 | stage=- | t=2880s
  ep=   490 | score=3 | steps=5000 | reward=+7.999 | mean50=2.88 | stage=- | t=2909s
  ep=   495 | score=3 | steps=5000 | reward=+7.999 | mean50=2.88 | stage=- | t=2933s
  [Eval ep=  500] mean_score=0.350 success_rate=25.0% mean_survival=228 wall=2960s
  ep=   500 | score=3 | steps=5000 | reward=+7.999 | mean50=2.88 | stage=- | t=2960s

======================================================================
FINAL EVALUATION (validation seeds)
  eval_mean_score: 0.66
  eval_median_score: 0.0
  eval_std_score: 0.8392854103342914
  eval_max_score: 3.0
  eval_min_score: 0.0
  eval_mean_survival: 447.86
  eval_mean_reward: 0.1468600000000437
  eval_success_rate: 0.46
  eval_n_seeds: 50
[Saved] Final checkpoint: C:\Users\anand\OneDrive\Desktop\Projects\Fly stuff\results\phase7\checkpoints\flymind_none_s44_20260914_094705_final.npz
[Saved] Summary: C:\Users\anand\OneDrive\Desktop\Projects\Fly stuff\results\phase7\metrics\flymind_none_s44_20260914_094705_summary.json
[Saved] Training log: C:\Users\anand\OneDrive\Desktop\Projects\Fly stuff\results\phase7\metrics\flymind_none_s44_20260914_094705_training.csv

Final results:
  Train mean score (last 50): 2.880
  Val mean score (50 seeds):  0.660
  Val success rate:           46.0%
  Best score achieved:        3
======================================================================
