
======================================================================
PHASE 7 FLYMIND RL — flymind_none_s43_20260914_104306
Mode: flymind | Ablation: none | Episodes: 500
======================================================================
Agent: FlyMindRLAgent
Reward: FlappyRewardShaper(pipe=1.0, survival=0.001, collision=-1.0)
Curriculum: disabled
  ep=     1 | score=22 | steps=5597 | reward=+26.596 | mean50=22.00 | stage=- | t=9s
  ep=     2 | score=37 | steps=9149 | reward=+45.148 | mean50=29.50 | stage=- | t=23s
  ep=     3 | score=41 | steps=10000 | reward=+50.999 | mean50=33.33 | stage=- | t=40s
  ep=     4 | score=41 | steps=10000 | reward=+50.999 | mean50=35.25 | stage=- | t=57s
  ep=     5 | score=14 | steps=3652 | reward=+16.651 | mean50=31.00 | stage=- | t=62s
  ep=     6 | score=36 | steps=8728 | reward=+43.727 | mean50=31.83 | stage=- | t=75s
  ep=     7 | score=41 | steps=10000 | reward=+50.999 | mean50=33.14 | stage=- | t=90s
  ep=     8 | score=41 | steps=10000 | reward=+50.999 | mean50=34.12 | stage=- | t=105s
  ep=     9 | score=41 | steps=10000 | reward=+50.999 | mean50=34.89 | stage=- | t=120s
  ep=    10 | score=41 | steps=10000 | reward=+50.999 | mean50=35.50 | stage=- | t=134s
  ep=    15 | score=21 | steps=5362 | reward=+25.361 | mean50=33.40 | stage=- | t=187s
  ep=    20 | score=41 | steps=10000 | reward=+50.999 | mean50=35.30 | stage=- | t=260s
  ep=    25 | score=41 | steps=10000 | reward=+50.999 | mean50=33.24 | stage=- | t=305s
  ep=    30 | score=41 | steps=10000 | reward=+50.999 | mean50=32.07 | stage=- | t=355s
  ep=    35 | score=41 | steps=10000 | reward=+50.999 | mean50=33.03 | stage=- | t=425s
  ep=    40 | score=41 | steps=10000 | reward=+50.999 | mean50=34.02 | stage=- | t=493s
  ep=    45 | score=41 | steps=10000 | reward=+50.999 | mean50=34.73 | stage=- | t=550s
  ep=    50 | score=41 | steps=10000 | reward=+50.999 | mean50=34.66 | stage=- | t=599s
  ep=    55 | score=41 | steps=10000 | reward=+50.999 | mean50=35.66 | stage=- | t=658s
  ep=    60 | score=41 | steps=10000 | reward=+50.999 | mean50=34.82 | stage=- | t=704s
  ep=    65 | score=41 | steps=10000 | reward=+50.999 | mean50=34.90 | stage=- | t=746s
  ep=    70 | score=41 | steps=10000 | reward=+50.999 | mean50=33.78 | stage=- | t=789s
  ep=    75 | score=41 | steps=10000 | reward=+50.999 | mean50=34.80 | stage=- | t=840s
  ep=    80 | score=41 | steps=10000 | reward=+50.999 | mean50=35.92 | stage=- | t=894s
  ep=    85 | score=41 | steps=10000 | reward=+50.999 | mean50=36.02 | stage=- | t=952s
  ep=    90 | score=41 | steps=10000 | reward=+50.999 | mean50=36.02 | stage=- | t=1011s
  ep=    95 | score=24 | steps=6060 | reward=+29.059 | mean50=35.74 | stage=- | t=1066s
  [Eval ep=  100] mean_score=1.300 success_rate=45.0% mean_survival=352 wall=1119s
  ep=   100 | score=41 | steps=10000 | reward=+50.999 | mean50=35.02 | stage=- | t=1119s
  ep=   105 | score=41 | steps=10000 | reward=+50.999 | mean50=34.26 | stage=- | t=1165s
  ep=   110 | score=9 | steps=2446 | reward=+10.445 | mean50=34.56 | stage=- | t=1213s
  ep=   115 | score=22 | steps=5578 | reward=+26.577 | mean50=35.28 | stage=- | t=1264s
  ep=   120 | score=41 | steps=10000 | reward=+50.999 | mean50=36.40 | stage=- | t=1322s
  ep=   125 | score=16 | steps=4109 | reward=+19.108 | mean50=35.32 | stage=- | t=1357s
  ep=   130 | score=41 | steps=10000 | reward=+50.999 | mean50=34.04 | stage=- | t=1398s
  ep=   135 | score=41 | steps=10000 | reward=+50.999 | mean50=34.16 | stage=- | t=1468s
  ep=   140 | score=41 | steps=10000 | reward=+50.999 | mean50=33.02 | stage=- | t=1515s
  ep=   145 | score=41 | steps=10000 | reward=+50.999 | mean50=33.36 | stage=- | t=1579s
  ep=   150 | score=41 | steps=10000 | reward=+50.999 | mean50=33.50 | stage=- | t=1623s
  ep=   155 | score=41 | steps=10000 | reward=+50.999 | mean50=33.00 | stage=- | t=1665s
  ep=   160 | score=41 | steps=10000 | reward=+50.999 | mean50=32.88 | stage=- | t=1712s
  ep=   165 | score=20 | steps=5106 | reward=+24.105 | mean50=31.96 | stage=- | t=1754s
  ep=   170 | score=41 | steps=10000 | reward=+50.999 | mean50=31.96 | stage=- | t=1814s
  ep=   175 | score=41 | steps=10000 | reward=+50.999 | mean50=32.98 | stage=- | t=1866s
  ep=   180 | score=41 | steps=10000 | reward=+50.999 | mean50=34.56 | stage=- | t=1925s
  ep=   185 | score=41 | steps=10000 | reward=+50.999 | mean50=34.08 | stage=- | t=1978s
  ep=   190 | score=41 | steps=10000 | reward=+50.999 | mean50=34.62 | stage=- | t=2028s
  ep=   195 | score=41 | steps=10000 | reward=+50.999 | mean50=34.12 | stage=- | t=2079s
  [Eval ep=  200] mean_score=1.700 success_rate=50.0% mean_survival=408 wall=2135s
  ep=   200 | score=10 | steps=2669 | reward=+11.668 | mean50=34.54 | stage=- | t=2135s
  ep=   205 | score=41 | steps=10000 | reward=+50.999 | mean50=35.16 | stage=- | t=2198s
  ep=   210 | score=41 | steps=10000 | reward=+50.999 | mean50=35.16 | stage=- | t=2266s
  ep=   215 | score=21 | steps=5309 | reward=+25.308 | mean50=36.06 | stage=- | t=2338s
  ep=   220 | score=41 | steps=10000 | reward=+50.999 | mean50=36.06 | stage=- | t=2419s
  ep=   225 | score=41 | steps=10000 | reward=+50.999 | mean50=36.40 | stage=- | t=2495s
  ep=   230 | score=22 | steps=5559 | reward=+26.558 | mean50=36.08 | stage=- | t=2569s
  ep=   235 | score=6 | steps=1744 | reward=+6.743 | mean50=34.66 | stage=- | t=2612s
  ep=   240 | score=41 | steps=10000 | reward=+50.999 | mean50=33.34 | stage=- | t=2655s
  ep=   245 | score=18 | steps=4405 | reward=+21.404 | mean50=32.60 | stage=- | t=2713s
  ep=   250 | score=7 | steps=1960 | reward=+7.959 | mean50=31.00 | stage=- | t=2747s
  ep=   255 | score=6 | steps=1740 | reward=+6.739 | mean50=28.14 | stage=- | t=2761s
  ep=   260 | score=12 | steps=2969 | reward=+13.968 | mean50=26.66 | stage=- | t=2799s
  ep=   265 | score=22 | steps=5597 | reward=+26.596 | mean50=24.34 | stage=- | t=2828s
  ep=   270 | score=8 | steps=2189 | reward=+9.188 | mean50=20.72 | stage=- | t=2839s
  ep=   275 | score=3 | steps=999 | reward=+2.998 | mean50=17.56 | stage=- | t=2854s
  ep=   280 | score=22 | steps=5575 | reward=+26.574 | mean50=14.70 | stage=- | t=2873s
  ep=   285 | score=1 | steps=534 | reward=+0.533 | mean50=13.18 | stage=- | t=2888s
  ep=   290 | score=10 | steps=2673 | reward=+11.672 | mean50=11.54 | stage=- | t=2901s
  ep=   295 | score=12 | steps=3198 | reward=+14.197 | mean50=10.04 | stage=- | t=2929s
  [Eval ep=  300] mean_score=1.700 success_rate=50.0% mean_survival=408 wall=2947s
  ep=   300 | score=3 | steps=989 | reward=+2.988 | mean50=8.90 | stage=- | t=2947s
  ep=   305 | score=0 | steps=269 | reward=-0.732 | mean50=9.08 | stage=- | t=2964s
  ep=   310 | score=38 | steps=9423 | reward=+46.422 | mean50=8.38 | stage=- | t=2988s
  ep=   315 | score=11 | steps=2964 | reward=+12.963 | mean50=8.52 | stage=- | t=3019s
  ep=   320 | score=19 | steps=4829 | reward=+22.828 | mean50=9.76 | stage=- | t=3051s
  ep=   325 | score=20 | steps=5104 | reward=+24.103 | mean50=10.12 | stage=- | t=3066s
  ep=   330 | score=20 | steps=4891 | reward=+23.890 | mean50=10.16 | stage=- | t=3080s
  ep=   335 | score=4 | steps=1234 | reward=+4.233 | mean50=10.66 | stage=- | t=3097s
  ep=   340 | score=6 | steps=1738 | reward=+6.737 | mean50=10.64 | stage=- | t=3104s
  ep=   345 | score=3 | steps=1017 | reward=+3.016 | mean50=10.04 | stage=- | t=3113s
  ep=   350 | score=11 | steps=2964 | reward=+12.963 | mean50=10.92 | stage=- | t=3129s
  ep=   355 | score=41 | steps=10000 | reward=+50.999 | mean50=11.66 | stage=- | t=3146s
  ep=   360 | score=0 | steps=269 | reward=-0.732 | mean50=10.98 | stage=- | t=3153s
  ep=   365 | score=3 | steps=1017 | reward=+3.016 | mean50=10.10 | stage=- | t=3161s
  ep=   370 | score=3 | steps=805 | reward=+2.804 | mean50=9.12 | stage=- | t=3170s
  ep=   375 | score=16 | steps=4109 | reward=+19.108 | mean50=8.98 | stage=- | t=3181s
  ep=   380 | score=12 | steps=3199 | reward=+14.198 | mean50=9.48 | stage=- | t=3197s
  ep=   385 | score=3 | steps=999 | reward=+2.998 | mean50=8.96 | stage=- | t=3206s
  ep=   390 | score=5 | steps=1486 | reward=+5.485 | mean50=9.82 | stage=- | t=3222s
  ep=   395 | score=10 | steps=2695 | reward=+11.694 | mean50=10.16 | stage=- | t=3234s
  [Eval ep=  400] mean_score=1.700 success_rate=50.0% mean_survival=408 wall=3256s
  ep=   400 | score=4 | steps=1233 | reward=+4.232 | mean50=10.00 | stage=- | t=3256s
  ep=   405 | score=4 | steps=1254 | reward=+4.253 | mean50=9.88 | stage=- | t=3280s
  ep=   410 | score=0 | steps=269 | reward=-0.732 | mean50=9.74 | stage=- | t=3288s
  ep=   415 | score=2 | steps=768 | reward=+1.767 | mean50=9.62 | stage=- | t=3298s
  ep=   420 | score=6 | steps=1762 | reward=+6.761 | mean50=10.86 | stage=- | t=3325s
  ep=   425 | score=30 | steps=7497 | reward=+36.496 | mean50=11.04 | stage=- | t=3339s
  ep=   430 | score=4 | steps=1252 | reward=+4.251 | mean50=10.84 | stage=- | t=3351s
  ep=   435 | score=8 | steps=2230 | reward=+9.229 | mean50=10.80 | stage=- | t=3356s
  ep=   440 | score=12 | steps=2968 | reward=+13.967 | mean50=10.24 | stage=- | t=3364s
  ep=   445 | score=39 | steps=9642 | reward=+47.641 | mean50=10.70 | stage=- | t=3377s
  ep=   450 | score=12 | steps=3178 | reward=+14.177 | mean50=10.46 | stage=- | t=3386s
  ep=   455 | score=2 | steps=802 | reward=+1.801 | mean50=11.12 | stage=- | t=3406s
  ep=   460 | score=5 | steps=1486 | reward=+5.485 | mean50=11.94 | stage=- | t=3415s
  ep=   465 | score=13 | steps=3394 | reward=+15.393 | mean50=13.00 | stage=- | t=3428s
  ep=   470 | score=15 | steps=3917 | reward=+17.916 | mean50=12.04 | stage=- | t=3437s
  ep=   475 | score=7 | steps=1949 | reward=+7.948 | mean50=12.40 | stage=- | t=3448s
  ep=   480 | score=12 | steps=3181 | reward=+14.180 | mean50=12.44 | stage=- | t=3458s
  ep=   485 | score=9 | steps=2461 | reward=+10.460 | mean50=12.82 | stage=- | t=3467s
  ep=   490 | score=12 | steps=3180 | reward=+14.179 | mean50=13.10 | stage=- | t=3476s
  ep=   495 | score=14 | steps=3648 | reward=+16.647 | mean50=12.62 | stage=- | t=3485s
  [Eval ep=  500] mean_score=1.700 success_rate=50.0% mean_survival=408 wall=3503s
  ep=   500 | score=23 | steps=5789 | reward=+27.788 | mean50=13.04 | stage=- | t=3503s

======================================================================
FINAL EVALUATION (validation seeds)
  eval_mean_score: 1.68
  eval_median_score: 1.0
  eval_std_score: 2.0341091416145796
  eval_max_score: 7.0
  eval_min_score: 0.0
  eval_mean_survival: 406.72
  eval_mean_reward: 1.0857199999999971
  eval_success_rate: 0.6
  eval_n_seeds: 50
[Saved] Final checkpoint: C:\Users\anand\OneDrive\Desktop\Projects\Fly stuff\results\phase7\checkpoints\flymind_none_s43_20260914_104306_final.npz
[Saved] Summary: C:\Users\anand\OneDrive\Desktop\Projects\Fly stuff\results\phase7\metrics\flymind_none_s43_20260914_104306_summary.json
[Saved] Training log: C:\Users\anand\OneDrive\Desktop\Projects\Fly stuff\results\phase7\metrics\flymind_none_s43_20260914_104306_training.csv

Final results:
  Train mean score (last 50): 13.040
  Val mean score (50 seeds):  1.680
  Val success rate:           60.0%
  Best score achieved:        41
======================================================================
