
======================================================================
PHASE 7 FLYMIND RL — flymind_none_s42_20260914_104306
Mode: flymind | Ablation: none | Episodes: 500
======================================================================
Agent: FlyMindRLAgent
Reward: FlappyRewardShaper(pipe=1.0, survival=0.001, collision=-1.0)
Curriculum: disabled
  ep=     1 | score=41 | steps=10000 | reward=+50.999 | mean50=41.00 | stage=- | t=15s
  ep=     2 | score=41 | steps=10000 | reward=+50.999 | mean50=41.00 | stage=- | t=28s
  ep=     3 | score=41 | steps=10000 | reward=+50.999 | mean50=41.00 | stage=- | t=44s
  ep=     4 | score=6 | steps=1528 | reward=+6.527 | mean50=32.25 | stage=- | t=46s
  ep=     5 | score=3 | steps=1007 | reward=+3.006 | mean50=26.40 | stage=- | t=48s
  ep=     6 | score=31 | steps=7739 | reward=+37.738 | mean50=27.17 | stage=- | t=59s
  ep=     7 | score=41 | steps=10000 | reward=+50.999 | mean50=29.14 | stage=- | t=75s
  ep=     8 | score=41 | steps=10000 | reward=+50.999 | mean50=30.62 | stage=- | t=87s
  ep=     9 | score=41 | steps=10000 | reward=+50.999 | mean50=31.78 | stage=- | t=100s
  ep=    10 | score=41 | steps=10000 | reward=+50.999 | mean50=32.70 | stage=- | t=112s
  ep=    15 | score=41 | steps=10000 | reward=+50.999 | mean50=35.20 | stage=- | t=186s
  ep=    20 | score=41 | steps=10000 | reward=+50.999 | mean50=35.55 | stage=- | t=250s
  ep=    25 | score=14 | steps=3663 | reward=+16.662 | mean50=32.44 | stage=- | t=285s
  ep=    30 | score=41 | steps=10000 | reward=+50.999 | mean50=31.73 | stage=- | t=336s
  ep=    35 | score=26 | steps=6326 | reward=+31.325 | mean50=32.03 | stage=- | t=396s
  ep=    40 | score=41 | steps=10000 | reward=+50.999 | mean50=32.15 | stage=- | t=458s
  ep=    45 | score=41 | steps=10000 | reward=+50.999 | mean50=32.31 | stage=- | t=522s
  ep=    50 | score=41 | steps=10000 | reward=+50.999 | mean50=33.18 | stage=- | t=594s
  ep=    55 | score=41 | steps=10000 | reward=+50.999 | mean50=34.42 | stage=- | t=650s
  ep=    60 | score=41 | steps=10000 | reward=+50.999 | mean50=33.82 | stage=- | t=699s
  ep=    65 | score=18 | steps=4606 | reward=+21.605 | mean50=31.94 | stage=- | t=730s
  ep=    70 | score=41 | steps=10000 | reward=+50.999 | mean50=32.04 | stage=- | t=787s
  ep=    75 | score=41 | steps=10000 | reward=+50.999 | mean50=34.14 | stage=- | t=853s
  ep=    80 | score=41 | steps=10000 | reward=+50.999 | mean50=35.42 | stage=- | t=919s
  ep=    85 | score=12 | steps=2968 | reward=+13.967 | mean50=34.74 | stage=- | t=959s
  ep=    90 | score=41 | steps=10000 | reward=+50.999 | mean50=35.44 | stage=- | t=1017s
  ep=    95 | score=41 | steps=10000 | reward=+50.999 | mean50=36.18 | stage=- | t=1076s
  [Eval ep=  100] mean_score=1.100 success_rate=40.0% mean_survival=330 wall=1136s
  ep=   100 | score=22 | steps=5549 | reward=+26.548 | mean50=35.46 | stage=- | t=1136s
  ep=   105 | score=41 | steps=10000 | reward=+50.999 | mean50=35.68 | stage=- | t=1195s
  ep=   110 | score=41 | steps=10000 | reward=+50.999 | mean50=36.48 | stage=- | t=1251s
  ep=   115 | score=41 | steps=10000 | reward=+50.999 | mean50=37.80 | stage=- | t=1299s
  ep=   120 | score=0 | steps=323 | reward=-0.678 | mean50=36.62 | stage=- | t=1337s
  ep=   125 | score=15 | steps=3922 | reward=+17.921 | mean50=35.40 | stage=- | t=1381s
  ep=   130 | score=3 | steps=1025 | reward=+3.024 | mean50=34.44 | stage=- | t=1435s
  ep=   135 | score=41 | steps=10000 | reward=+50.999 | mean50=34.66 | stage=- | t=1484s
  ep=   140 | score=27 | steps=6766 | reward=+32.765 | mean50=34.12 | stage=- | t=1538s
  ep=   145 | score=41 | steps=10000 | reward=+50.999 | mean50=34.12 | stage=- | t=1603s
  ep=   150 | score=3 | steps=989 | reward=+2.988 | mean50=33.56 | stage=- | t=1647s
  ep=   155 | score=8 | steps=2230 | reward=+9.229 | mean50=31.64 | stage=- | t=1679s
  ep=   160 | score=41 | steps=10000 | reward=+50.999 | mean50=30.88 | stage=- | t=1727s
  ep=   165 | score=41 | steps=10000 | reward=+50.999 | mean50=31.32 | stage=- | t=1784s
  ep=   170 | score=41 | steps=10000 | reward=+50.999 | mean50=32.42 | stage=- | t=1840s
  ep=   175 | score=9 | steps=2439 | reward=+10.438 | mean50=33.00 | stage=- | t=1892s
  ep=   180 | score=41 | steps=10000 | reward=+50.999 | mean50=33.90 | stage=- | t=1951s
  ep=   185 | score=41 | steps=10000 | reward=+50.999 | mean50=35.04 | stage=- | t=2010s
  ep=   190 | score=41 | steps=10000 | reward=+50.999 | mean50=35.08 | stage=- | t=2060s
  ep=   195 | score=41 | steps=10000 | reward=+50.999 | mean50=35.08 | stage=- | t=2119s
  [Eval ep=  200] mean_score=1.700 success_rate=50.0% mean_survival=409 wall=2181s
  ep=   200 | score=41 | steps=10000 | reward=+50.999 | mean50=35.56 | stage=- | t=2181s
  ep=   205 | score=9 | steps=2482 | reward=+10.481 | mean50=35.80 | stage=- | t=2217s
  ep=   210 | score=10 | steps=2674 | reward=+11.673 | mean50=35.80 | stage=- | t=2265s
  ep=   215 | score=37 | steps=9178 | reward=+45.177 | mean50=35.04 | stage=- | t=2312s
  ep=   220 | score=27 | steps=6784 | reward=+32.783 | mean50=34.14 | stage=- | t=2354s
  ep=   225 | score=3 | steps=989 | reward=+2.988 | mean50=32.68 | stage=- | t=2385s
  ep=   230 | score=12 | steps=2969 | reward=+13.968 | mean50=30.92 | stage=- | t=2420s
  ep=   235 | score=3 | steps=1042 | reward=+3.041 | mean50=28.20 | stage=- | t=2441s
  ep=   240 | score=12 | steps=3180 | reward=+14.179 | mean50=26.00 | stage=- | t=2462s
  ep=   245 | score=2 | steps=749 | reward=+1.748 | mean50=23.84 | stage=- | t=2491s
  ep=   250 | score=0 | steps=269 | reward=-0.732 | mean50=21.14 | stage=- | t=2501s
  ep=   255 | score=5 | steps=1486 | reward=+5.485 | mean50=19.16 | stage=- | t=2510s
  ep=   260 | score=4 | steps=1229 | reward=+4.228 | mean50=16.90 | stage=- | t=2527s
  ep=   265 | score=5 | steps=1524 | reward=+5.523 | mean50=14.92 | stage=- | t=2546s
  ep=   270 | score=6 | steps=1709 | reward=+6.708 | mean50=12.90 | stage=- | t=2559s
  ep=   275 | score=18 | steps=4408 | reward=+21.407 | mean50=11.64 | stage=- | t=2571s
  ep=   280 | score=7 | steps=1953 | reward=+7.952 | mean50=9.84 | stage=- | t=2579s
  ep=   285 | score=8 | steps=2194 | reward=+9.193 | mean50=9.60 | stage=- | t=2597s
  ep=   290 | score=2 | steps=770 | reward=+1.769 | mean50=8.66 | stage=- | t=2604s
  ep=   295 | score=8 | steps=2244 | reward=+9.243 | mean50=8.04 | stage=- | t=2626s
  [Eval ep=  300] mean_score=1.700 success_rate=50.0% mean_survival=408 wall=2644s
  ep=   300 | score=3 | steps=989 | reward=+2.988 | mean50=8.12 | stage=- | t=2644s
  ep=   305 | score=3 | steps=1035 | reward=+3.034 | mean50=8.52 | stage=- | t=2658s
  ep=   310 | score=1 | steps=553 | reward=+0.552 | mean50=7.84 | stage=- | t=2666s
  ep=   315 | score=5 | steps=1491 | reward=+5.490 | mean50=8.74 | stage=- | t=2697s
  ep=   320 | score=14 | steps=3630 | reward=+16.629 | mean50=9.54 | stage=- | t=2723s
  ep=   325 | score=3 | steps=1017 | reward=+3.016 | mean50=9.78 | stage=- | t=2739s
  ep=   330 | score=3 | steps=1017 | reward=+3.016 | mean50=10.20 | stage=- | t=2754s
  ep=   335 | score=2 | steps=766 | reward=+1.765 | mean50=10.60 | stage=- | t=2777s
  ep=   340 | score=1 | steps=516 | reward=+0.515 | mean50=10.72 | stage=- | t=2786s
  ep=   345 | score=0 | steps=316 | reward=-0.685 | mean50=10.22 | stage=- | t=2799s
  ep=   350 | score=19 | steps=4829 | reward=+22.828 | mean50=10.76 | stage=- | t=2819s
  ep=   355 | score=14 | steps=3629 | reward=+16.628 | mean50=10.84 | stage=- | t=2835s
  ep=   360 | score=5 | steps=1488 | reward=+5.487 | mean50=11.74 | stage=- | t=2856s
  ep=   365 | score=0 | steps=269 | reward=-0.732 | mean50=10.26 | stage=- | t=2866s
  ep=   370 | score=19 | steps=4829 | reward=+22.828 | mean50=9.44 | stage=- | t=2879s
  ep=   375 | score=9 | steps=2246 | reward=+10.245 | mean50=9.06 | stage=- | t=2889s
  ep=   380 | score=7 | steps=1949 | reward=+7.948 | mean50=9.64 | stage=- | t=2913s
  ep=   385 | score=0 | steps=280 | reward=-0.721 | mean50=8.98 | stage=- | t=2927s
  ep=   390 | score=30 | steps=7518 | reward=+36.517 | mean50=9.84 | stage=- | t=2947s
  ep=   395 | score=14 | steps=3670 | reward=+16.669 | mean50=10.02 | stage=- | t=2964s
  [Eval ep=  400] mean_score=1.700 success_rate=50.0% mean_survival=408 wall=2993s
  ep=   400 | score=5 | steps=1522 | reward=+5.521 | mean50=10.14 | stage=- | t=2993s
  ep=   405 | score=20 | steps=5111 | reward=+24.110 | mean50=10.62 | stage=- | t=3015s
  ep=   410 | score=10 | steps=2678 | reward=+11.677 | mean50=9.74 | stage=- | t=3022s
  ep=   415 | score=9 | steps=2429 | reward=+10.428 | mean50=9.64 | stage=- | t=3031s
  ep=   420 | score=5 | steps=1472 | reward=+5.471 | mean50=10.80 | stage=- | t=3059s
  ep=   425 | score=9 | steps=2429 | reward=+10.428 | mean50=10.76 | stage=- | t=3066s
  ep=   430 | score=6 | steps=1737 | reward=+6.736 | mean50=11.00 | stage=- | t=3087s
  ep=   435 | score=10 | steps=2691 | reward=+11.690 | mean50=10.70 | stage=- | t=3094s
  ep=   440 | score=4 | steps=1236 | reward=+4.235 | mean50=10.10 | stage=- | t=3104s
  ep=   445 | score=15 | steps=3869 | reward=+17.868 | mean50=10.12 | stage=- | t=3116s
  ep=   450 | score=8 | steps=2189 | reward=+9.188 | mean50=10.30 | stage=- | t=3134s
  ep=   455 | score=35 | steps=8685 | reward=+42.684 | mean50=11.16 | stage=- | t=3160s
  ep=   460 | score=14 | steps=3630 | reward=+16.629 | mean50=11.84 | stage=- | t=3174s
  ep=   465 | score=7 | steps=1955 | reward=+7.954 | mean50=12.78 | stage=- | t=3191s
  ep=   470 | score=2 | steps=769 | reward=+1.768 | mean50=11.86 | stage=- | t=3203s
  ep=   475 | score=41 | steps=10000 | reward=+50.999 | mean50=12.86 | stage=- | t=3222s
  ep=   480 | score=24 | steps=6039 | reward=+29.038 | mean50=12.28 | stage=- | t=3235s
  ep=   485 | score=15 | steps=3918 | reward=+17.917 | mean50=12.80 | stage=- | t=3248s
  ep=   490 | score=6 | steps=1738 | reward=+6.737 | mean50=13.10 | stage=- | t=3261s
  ep=   495 | score=14 | steps=3648 | reward=+16.647 | mean50=13.12 | stage=- | t=3275s
  [Eval ep=  500] mean_score=1.700 success_rate=50.0% mean_survival=408 wall=3295s
  ep=   500 | score=2 | steps=765 | reward=+1.764 | mean50=12.82 | stage=- | t=3295s

======================================================================
FINAL EVALUATION (validation seeds)
  eval_mean_score: 1.68
  eval_median_score: 1.0
  eval_std_score: 2.0341091416145796
  eval_max_score: 7.0
  eval_min_score: 0.0
  eval_mean_survival: 406.72
  eval_mean_reward: 1.0857199999999971
  eval_success_rate: 0.6
  eval_n_seeds: 50
[Saved] Final checkpoint: C:\Users\anand\OneDrive\Desktop\Projects\Fly stuff\results\phase7\checkpoints\flymind_none_s42_20260914_104306_final.npz
[Saved] Summary: C:\Users\anand\OneDrive\Desktop\Projects\Fly stuff\results\phase7\metrics\flymind_none_s42_20260914_104306_summary.json
[Saved] Training log: C:\Users\anand\OneDrive\Desktop\Projects\Fly stuff\results\phase7\metrics\flymind_none_s42_20260914_104306_training.csv

Final results:
  Train mean score (last 50): 12.820
  Val mean score (50 seeds):  1.680
  Val success rate:           60.0%
  Best score achieved:        41
======================================================================
